// Jest Snapshot v1, https://goo.gl/fbAQLP

exports[`matches App snapshot 1`] = `
<View>
  <View>
    <View>
      <View
        name="Home"
        options={
          {
            "title": "Home",
          }
        }
      >
        <View
          style={
            [
              {
                "alignItems": "center",
                "flex": 1,
                "justifyContent": "center",
                "padding": 20,
              },
              {
                "backgroundColor": undefined,
              },
            ]
          }
        >
          <Text
            style={
              [
                {
                  "fontSize": 24,
                  "fontWeight": "bold",
                  "marginBottom": 16,
                  "textAlign": "center",
                },
                {
                  "color": undefined,
                },
              ]
            }
          >
            Learn Programming with EduVue
          </Text>
          <Text
            style={
              [
                {
                  "fontSize": 16,
                  "marginBottom": 24,
                  "textAlign": "center",
                },
                {
                  "color": undefined,
                },
              ]
            }
          >
            Master programming through interactive courses
          </Text>
          <View
            accessibilityRole="button"
            accessibilityState={
              {
                "busy": undefined,
                "checked": undefined,
                "disabled": undefined,
                "expanded": undefined,
                "selected": undefined,
              }
            }
            accessibilityValue={
              {
                "max": undefined,
                "min": undefined,
                "now": undefined,
                "text": undefined,
              }
            }
            accessible={true}
            collapsable={false}
            focusable={true}
            onClick={[Function]}
            onResponderGrant={[Function]}
            onResponderMove={[Function]}
            onResponderRelease={[Function]}
            onResponderTerminate={[Function]}
            onResponderTerminationRequest={[Function]}
            onStartShouldSetResponder={[Function]}
            style={
              {
                "opacity": 1,
              }
            }
          >
            <View
              style={
                [
                  {},
                ]
              }
            >
              <Text
                style={
                  [
                    {
                      "color": "#007AFF",
                      "fontSize": 18,
                      "margin": 8,
                      "textAlign": "center",
                    },
                  ]
                }
              >
                Start Learning
              </Text>
            </View>
          </View>
        </View>
      </View>
      <View
        name="Courses"
        options={
          {
            "title": "Courses",
          }
        }
      >
        <View
          style={
            [
              {
                "flex": 1,
                "padding": 16,
              },
              {
                "backgroundColor": undefined,
              },
            ]
          }
        >
          <TextInput
            mode="outlined"
            onChangeText={[Function]}
            placeholder="Search courses..."
            style={
              {
                "borderRadius": 4,
                "marginBottom": 12,
                "padding": 8,
              }
            }
            value=""
          />
          <RCTScrollView
            data={
              [
                {
                  "description": "Podstawy programowania dla początkujących",
                  "description_en": "Basics of programming for beginners",
                  "duration": "4 tygodnie",
                  "id": "1",
                  "level": "beginner",
                  "title": "Wprowadzenie do programowania",
                  "title_en": "Introduction to Programming",
                },
                {
                  "description": "Poznaj zaawansowane koncepcje JavaScript",
                  "description_en": "Learn advanced JavaScript concepts",
                  "duration": "6 tygodni",
                  "id": "2",
                  "level": "advanced",
                  "title": "Zaawansowany JavaScript",
                  "title_en": "Advanced JavaScript",
                },
                {
                  "description": "Tworzenie atrakcyjnych i responsywnych stron",
                  "description_en": "Creating attractive and responsive websites",
                  "duration": "5 tygodni",
                  "id": "3",
                  "level": "beginner",
                  "title": "Projektowanie stron WWW",
                  "title_en": "Web Design",
                },
              ]
            }
            getItem={[Function]}
            getItemCount={[Function]}
            keyExtractor={[Function]}
            onContentSizeChange={[Function]}
            onLayout={[Function]}
            onMomentumScrollBegin={[Function]}
            onMomentumScrollEnd={[Function]}
            onScroll={[Function]}
            onScrollBeginDrag={[Function]}
            onScrollEndDrag={[Function]}
            removeClippedSubviews={false}
            renderItem={[Function]}
            scrollEventThrottle={0.0001}
            stickyHeaderIndices={[]}
            viewabilityConfigCallbackPairs={[]}
          >
            <View>
              <View
                onFocusCapture={[Function]}
                onLayout={[Function]}
                style={null}
              >
                <View
                  onPress={[Function]}
                  style={
                    [
                      {
                        "marginBottom": 12,
                      },
                      {
                        "backgroundColor": "#fff",
                      },
                    ]
                  }
                >
                  <View
                    source={
                      {
                        "testUri": "../../../assets/icon.png",
                      }
                    }
                    style={
                      {
                        "height": 120,
                      }
                    }
                  />
                  <View
                    left={[Function]}
                  >
                    <Text>
                      Introduction to Programming
                    </Text>
                  </View>
                  <View>
                    <Text
                      style={
                        {
                          "color": "#555",
                        }
                      }
                      variant="bodyMedium"
                    >
                      Basics of programming for beginners
                    </Text>
                  </View>
                  <View>
                    <View
                      accessibilityRole="button"
                      accessibilityState={
                        {
                          "busy": undefined,
                          "checked": undefined,
                          "disabled": undefined,
                          "expanded": undefined,
                          "selected": undefined,
                        }
                      }
                      accessibilityValue={
                        {
                          "max": undefined,
                          "min": undefined,
                          "now": undefined,
                          "text": undefined,
                        }
                      }
                      accessible={true}
                      collapsable={false}
                      focusable={true}
                      onClick={[Function]}
                      onResponderGrant={[Function]}
                      onResponderMove={[Function]}
                      onResponderRelease={[Function]}
                      onResponderTerminate={[Function]}
                      onResponderTerminationRequest={[Function]}
                      onStartShouldSetResponder={[Function]}
                      style={
                        {
                          "opacity": 1,
                        }
                      }
                    >
                      <View
                        style={
                          [
                            {},
                          ]
                        }
                      >
                        <Text
                          style={
                            [
                              {
                                "color": "#007AFF",
                                "fontSize": 18,
                                "margin": 8,
                                "textAlign": "center",
                              },
                            ]
                          }
                        >
                          Enroll
                        </Text>
                      </View>
                    </View>
                  </View>
                </View>
              </View>
              <View
                onFocusCapture={[Function]}
                onLayout={[Function]}
                style={null}
              >
                <View
                  onPress={[Function]}
                  style={
                    [
                      {
                        "marginBottom": 12,
                      },
                      {
                        "backgroundColor": "#fff",
                      },
                    ]
                  }
                >
                  <View
                    source={
                      {
                        "testUri": "../../../assets/icon.png",
                      }
                    }
                    style={
                      {
                        "height": 120,
                      }
                    }
                  />
                  <View
                    left={[Function]}
                  >
                    <Text>
                      Advanced JavaScript
                    </Text>
                  </View>
                  <View>
                    <Text
                      style={
                        {
                          "color": "#555",
                        }
                      }
                      variant="bodyMedium"
                    >
                      Learn advanced JavaScript concepts
                    </Text>
                  </View>
                  <View>
                    <View
                      accessibilityRole="button"
                      accessibilityState={
                        {
                          "busy": undefined,
                          "checked": undefined,
                          "disabled": undefined,
                          "expanded": undefined,
                          "selected": undefined,
                        }
                      }
                      accessibilityValue={
                        {
                          "max": undefined,
                          "min": undefined,
                          "now": undefined,
                          "text": undefined,
                        }
                      }
                      accessible={true}
                      collapsable={false}
                      focusable={true}
                      onClick={[Function]}
                      onResponderGrant={[Function]}
                      onResponderMove={[Function]}
                      onResponderRelease={[Function]}
                      onResponderTerminate={[Function]}
                      onResponderTerminationRequest={[Function]}
                      onStartShouldSetResponder={[Function]}
                      style={
                        {
                          "opacity": 1,
                        }
                      }
                    >
                      <View
                        style={
                          [
                            {},
                          ]
                        }
                      >
                        <Text
                          style={
                            [
                              {
                                "color": "#007AFF",
                                "fontSize": 18,
                                "margin": 8,
                                "textAlign": "center",
                              },
                            ]
                          }
                        >
                          Enroll
                        </Text>
                      </View>
                    </View>
                  </View>
                </View>
              </View>
              <View
                onFocusCapture={[Function]}
                onLayout={[Function]}
                style={null}
              >
                <View
                  onPress={[Function]}
                  style={
                    [
                      {
                        "marginBottom": 12,
                      },
                      {
                        "backgroundColor": "#fff",
                      },
                    ]
                  }
                >
                  <View
                    source={
                      {
                        "testUri": "../../../assets/icon.png",
                      }
                    }
                    style={
                      {
                        "height": 120,
                      }
                    }
                  />
                  <View
                    left={[Function]}
                  >
                    <Text>
                      Web Design
                    </Text>
                  </View>
                  <View>
                    <Text
                      style={
                        {
                          "color": "#555",
                        }
                      }
                      variant="bodyMedium"
                    >
                      Creating attractive and responsive websites
                    </Text>
                  </View>
                  <View>
                    <View
                      accessibilityRole="button"
                      accessibilityState={
                        {
                          "busy": undefined,
                          "checked": undefined,
                          "disabled": undefined,
                          "expanded": undefined,
                          "selected": undefined,
                        }
                      }
                      accessibilityValue={
                        {
                          "max": undefined,
                          "min": undefined,
                          "now": undefined,
                          "text": undefined,
                        }
                      }
                      accessible={true}
                      collapsable={false}
                      focusable={true}
                      onClick={[Function]}
                      onResponderGrant={[Function]}
                      onResponderMove={[Function]}
                      onResponderRelease={[Function]}
                      onResponderTerminate={[Function]}
                      onResponderTerminationRequest={[Function]}
                      onStartShouldSetResponder={[Function]}
                      style={
                        {
                          "opacity": 1,
                        }
                      }
                    >
                      <View
                        style={
                          [
                            {},
                          ]
                        }
                      >
                        <Text
                          style={
                            [
                              {
                                "color": "#007AFF",
                                "fontSize": 18,
                                "margin": 8,
                                "textAlign": "center",
                              },
                            ]
                          }
                        >
                          Enroll
                        </Text>
                      </View>
                    </View>
                  </View>
                </View>
              </View>
            </View>
          </RCTScrollView>
        </View>
      </View>
      <View
        name="CourseDetail"
        options={
          {
            "title": "Course",
          }
        }
      />
    </View>
  </View>
</View>
`;
